// Jest Snapshot v1, https://goo.gl/fbAQLP

exports[`App component renders App 1`] = `
<BrowserRouter>
  <Header />
  <Switch>
    <Route
      component={[Function]}
      exact={true}
      path="/login"
    />
    <Route
      component={[Function]}
      exact={true}
      path="/signup"
    />
    <PrivateRoute
      component={[Function]}
      exact={true}
      path="/books"
    />
    <PrivateRoute
      component={[Function]}
      exact={true}
      path="/books/create"
    />
    <PrivateRoute
      component={[Function]}
      exact={true}
      path="/books/:id"
    />
  </Switch>
</BrowserRouter>
`;
